Microsoft (R) Macro Assembler Version 14.29.30152.0	    12/23/23 23:06:28
main.asm						     Page 1 - 1


				INCLUDE Irvine32.inc
			      C ; Include file for Irvine32.lib             (Irvine32.inc)
			      C 
			      C ;OPTION CASEMAP:NONE		; optional: make identifiers case-sensitive
			      C 
			      C INCLUDE SmallWin.inc		; MS-Windows prototypes, structures, and constants
			      C .NOLIST
			      C .LIST
			      C 
			      C INCLUDE VirtualKeys.inc
			      C ; VirtualKeys.inc
			      C .NOLIST
			      C .LIST
			      C 
			      C 
			      C .NOLIST
			      C .LIST
			      C 
				INCLUDE macros.inc
			      C .NOLIST
			      C .LIST
			      C 

				fileOpen PROTO
				fileWrite PROTO
				fileRaed PROTO
				getScore PROTO
				startScreen PROTO
				role_move1 PROTO
				role_move2 PROTO
				role_up PROTO		
				role_down PROTO
				move_obstacle PROTO


 00000000			.data
 = 00000064			Ground = 100 ;the length of ground
 00000000 00000000		outHandle HANDLE ?
 00000004 00000000		cellsWritten DWORD ?
 00000008 000B 0010		rolePos COORD <11,16>   ;initialize position of role
 0000000C 000B 0019		groundPos COORD <11,25> ;initialize position of ground
 00000010 006E 0018		obsPos COORD <110,24>	;initialize position of obstacle
 00000014 000B 0018		obsBound COORD <11,24>
 00000018 0000 0002		startPos COORD <0,2>	;封面的字
 0000001C  00000064 [		buffer BYTE Ground DUP(44h)							;character types
	    44
	   ]
 00000080 000E 0000		attributes WORD 0Eh, 0h, Ground DUP(22h), 11h		;colors
	   00000064 [
	    0022
	   ] 0011
 0000014E E5 B0 8F E9 A6	titleStr BYTE "小馬快快跑",0
	   AC E5 BF AB E5
	   BF AB E8 B7 91
	   00
 0000015E 00000096		drawDelay DWORD 150	;to draw obstacle with a delay
 00000162 00000000		startTime DWORD ?   ;
 00000166 005A 0001		curPos COORD <90,1>
 = 00000010			role_up_Y = 16		;用於判斷有沒有跳起來
 0000016A 00000000		score DWORD ?
 0000016E 00000004		scoreSize DWORD ($-score)
 00000172 00000001		curInfo CONSOLE_CURSOR_INFO <1, FALSE>
	   00000000
 0000017A 00000008		range DWORD 8

				;file
 0000017E 00000000		CurrentScore DWORD ? 
 00000182 00000000		HighestScore DWORD 0
 00000186 54 68 69 73 20	testMsg BYTE "This is test message."
	   69 73 20 74 65
	   73 74 20 6D 65
	   73 73 61 67 65
	   2E
 0000019B 00000015		testSize DWORD ($-testMsg)
 0000019F 00			line BYTE ?
 000001A0 00000000		lineSize DWORD ?
 000001A4 43 61 6E 6E 6F	errMsg BYTE "Cannot create file",0dh,0ah,0
	   74 20 63 72 65
	   61 74 65 20 66
	   69 6C 65 0D 0A
	   00
 000001B9 53 63 6F 72 65	filename BYTE "Score.txt",0
	   2E 74 78 74 00
 000001C3 00000000		fileHandle DWORD ? ; handle to output file
 000001C7 00000000		bytesWritten DWORD ? ; number of bytes written
 000001CB 00000000		bytesRead DWORD ? ; number of bytes read

				;小馬顏色
 000001CF  00000006 [		attribute1 WORD 6 DUP(0h), 66h, 0h, 66h, 0h
	    0000
	   ] 0066 0000
	   0066 0000
 000001E3  00000006 [		attribute2 WORD 6 DUP(0h), 66h, 2 DUP(88h), 0h
	    0000
	   ] 0066
	   00000002 [
	    0088
	   ] 0000
 000001F7  00000005 [		attribute3 WORD 5 DUP(0h), 88h, 11h, 66h, 11h, 0h
	    0000
	   ] 0088 0011
	   0066 0011 0000
 0000020B  00000005 [		attribute4 WORD 5 DUP(0h), 66h, 4 DUP(66h)
	    0000
	   ] 0066
	   00000004 [
	    0066
	   ]
 0000021F 0088			attribute5 WORD 88h, 4 DUP(0h), 88h,  2 DUP(66h), 2 DUP(0h)
	   00000004 [
	    0000
	   ] 0088
	   00000002 [
	    0066
	   ]
	   00000002 [
	    0000
	   ]
 00000233  00000002 [		attribute6 WORD 2 DUP(88h), 6 DUP(66h), 2 DUP(0h)
	    0088
	   ]
	   00000006 [
	    0066
	   ]
	   00000002 [
	    0000
	   ]
 00000247  00000002 [		attribute7 WORD 2 DUP(0h), 7 DUP(66h), 0h
	    0000
	   ]
	   00000007 [
	    0066
	   ] 0000
 0000025B  00000002 [		attribute8 WORD 2 DUP(0h), 66h, 3 DUP(0h), 66h, 0h, 77h, 0h
	    0000
	   ] 0066
	   00000003 [
	    0000
	   ] 0066 0000
	   0077 0000
 0000026F  00000002 [		attribute9 WORD 2 DUP(0h), 77h, 3 DUP(0h), 77h, 3 DUP(0h)
	    0000
	   ] 0077
	   00000003 [
	    0000
	   ] 0077
	   00000003 [
	    0000
	   ]
				;跑起來的小馬顏色
 00000283  00000005 [		attributeD WORD 5 DUP(0h), 88h,  2 DUP(66h), 2 DUP(0h)
	    0000
	   ] 0088
	   00000002 [
	    0066
	   ]
	   00000002 [
	    0000
	   ]
 00000297  00000002 [		attributeE WORD 2 DUP(88h), 6 DUP(66h), 2 DUP(0h)
	    0088
	   ]
	   00000006 [
	    0066
	   ]
	   00000002 [
	    0000
	   ]
 000002AB  00000002 [		attributeF WORD 2 DUP(0h), 6 DUP(66h), 2 DUP(0h)
	    0000
	   ]
	   00000006 [
	    0066
	   ]
	   00000002 [
	    0000
	   ]
 000002BF 0000 0077 0066	attributeG WORD 0h, 77h, 66h, 4 DUP(0h), 66h, 2 DUP(0h)
	   00000004 [
	    0000
	   ] 0066
	   00000002 [
	    0000
	   ]
 000002D3  00000003 [		attributeH WORD 3 DUP(0h), 4 DUP(0h), 77h, 2 DUP(0h)
	    0000
	   ]
	   00000004 [
	    0000
	   ] 0077
	   00000002 [
	    0000
	   ]
				;覆蓋小馬顏色
 000002E7  0000000A [		attribute_black WORD 10 DUP(0h)
	    0000
	   ]

				;障礙物顏色
 000002FB  00000003 [		attribute WORD 3 DUP(44h)
	    0044
	   ]
 00000301 0044 0011 0022	attribute0 WORD 44h, 11h, 22h, 33h, 55h, 66h, 77h, 88h
	   0033 0055 0066
	   0077 0088

				;Running 75個
 00000311  0000000A [		attributeI WORD 10 DUP(0h), 7 DUP(11h)  
	    0000
	   ]
	   00000007 [
	    0011
	   ]
 00000333  00000024 [				   WORD 36 DUP(0h), 2 DUP(11h), 19 DUP(0h)
	    0000
	   ]
	   00000002 [
	    0011
	   ]
	   00000013 [
	    0000
	   ]
 000003A5  0000000A [		attributeJ WORD 10 DUP(0h), 2 DUP(11h), 5 DUP(0h), 2 DUP(11h), 51 DUP(0h)
	    0000
	   ]
	   00000002 [
	    0011
	   ]
	   00000005 [
	    0000
	   ]
	   00000002 [
	    0011
	   ]
	   00000033 [
	    0000
	   ]
 00000431  0000000A [		attributeK WORD 10 DUP(0h), 7 DUP(11h)
	    0000
	   ]
	   00000007 [
	    0011
	   ]
 00000453  00000005 [				   WORD 5 DUP(0h), 2 DUP(11h), 3 DUP(0h), 2 DUP(11h)
	    0000
	   ]
	   00000002 [
	    0011
	   ]
	   00000003 [
	    0000
	   ]
	   00000002 [
	    0011
	   ]
 0000046B  00000004 [				   WORD 4 DUP(0h), 2 DUP(11h), 0h, 3 DUP(11h)
	    0000
	   ]
	   00000002 [
	    0011
	   ] 0000
	   00000003 [
	    0011
	   ]
 0000047F  00000004 [				   WORD 4 DUP(0h), 2 DUP(11h), 0h, 3 DUP(11h)
	    0000
	   ]
	   00000002 [
	    0011
	   ] 0000
	   00000003 [
	    0011
	   ]
 00000493  00000004 [				   WORD 4 DUP(0h), 2 DUP(11h)
	    0000
	   ]
	   00000002 [
	    0011
	   ]
 0000049F  00000002 [				   WORD 2 DUP(0h), 2 DUP(11h), 0h, 3 DUP(11h)
	    0000
	   ]
	   00000002 [
	    0011
	   ] 0000
	   00000003 [
	    0011
	   ]
 000004AF  00000006 [				   WORD 6 DUP(0h), 4 DUP(11h)
	    0000
	   ]
	   00000004 [
	    0011
	   ]
 000004C3  0000000A [		attributeL WORD 10 DUP(0h), 2 DUP(11h), 4 DUP(0h), 2 DUP(11h) 
	    0000
	   ]
	   00000002 [
	    0011
	   ]
	   00000004 [
	    0000
	   ]
	   00000002 [
	    0011
	   ]
 000004E7  00000004 [				   WORD 4 DUP(0h), 2 DUP(11h), 3 DUP(0h), 2 DUP(11h)
	    0000
	   ]
	   00000002 [
	    0011
	   ]
	   00000003 [
	    0000
	   ]
	   00000002 [
	    0011
	   ]
 000004FD  00000004 [				   WORD 4 DUP(0h), 2 DUP(11h), 4 DUP(0h), 2 DUP(11h)
	    0000
	   ]
	   00000002 [
	    0011
	   ]
	   00000004 [
	    0000
	   ]
	   00000002 [
	    0011
	   ]
 00000515  00000002 [				   WORD 2 DUP(0h), 2 DUP(11h), 4 DUP(0h), 2 DUP(11h)
	    0000
	   ]
	   00000002 [
	    0011
	   ]
	   00000004 [
	    0000
	   ]
	   00000002 [
	    0011
	   ]
 00000529  00000002 [				   WORD 2 DUP(0h), 2 DUP(11h)
	    0000
	   ]
	   00000002 [
	    0011
	   ]
 00000531  00000002 [				   WORD 2 DUP(0h), 2 DUP(11h), 4 DUP(0h), 2 DUP(11h)
	    0000
	   ]
	   00000002 [
	    0011
	   ]
	   00000004 [
	    0000
	   ]
	   00000002 [
	    0011
	   ]
 00000545  00000002 [				   WORD 2 DUP(0h), 2 DUP(11h), 4 DUP(0h), 2 DUP(11h)
	    0000
	   ]
	   00000002 [
	    0011
	   ]
	   00000004 [
	    0000
	   ]
	   00000002 [
	    0011
	   ]
 00000559  0000000A [		attributeM WORD 10 DUP(0h), 2 DUP(11h), 6 DUP(0h), 2 DUP(11h)
	    0000
	   ]
	   00000002 [
	    0011
	   ]
	   00000006 [
	    0000
	   ]
	   00000002 [
	    0011
	   ]
 00000581  00000004 [				   WORD 4 DUP(0h), 3 DUP(11h), 2 DUP(0h), 2 DUP(11h)
	    0000
	   ]
	   00000003 [
	    0011
	   ]
	   00000002 [
	    0000
	   ]
	   00000002 [
	    0011
	   ]
 00000597  00000002 [				   WORD 2 DUP(0h), 2 DUP(11h), 4 DUP(0h), 2 DUP(11h)
	    0000
	   ]
	   00000002 [
	    0011
	   ]
	   00000004 [
	    0000
	   ]
	   00000002 [
	    0011
	   ]
 000005AB  00000002 [				   WORD 2 DUP(0h), 2 DUP(11h), 4 DUP(0h), 2 DUP(11h)
	    0000
	   ]
	   00000002 [
	    0011
	   ]
	   00000004 [
	    0000
	   ]
	   00000002 [
	    0011
	   ]
 000005BF  00000002 [				   WORD 2 DUP(0h), 2 DUP(11h)
	    0000
	   ]
	   00000002 [
	    0011
	   ]
 000005C7  00000002 [				   WORD 2 DUP(0h), 2 DUP(11h), 4 DUP(0h), 2 DUP(11h)
	    0000
	   ]
	   00000002 [
	    0011
	   ]
	   00000004 [
	    0000
	   ]
	   00000002 [
	    0011
	   ]
 000005DB  00000004 [				   WORD 4 DUP(0h), 4 DUP(11h)
	    0000
	   ]
	   00000004 [
	    0011
	   ]
 000005EB  00000049 [		attributeN WORD 73 DUP(0h), 2 DUP(11h)
	    0000
	   ]
	   00000002 [
	    0011
	   ]
 00000681  00000043 [		attributeO WORD 67 DUP(0h), 2 DUP(11h), 4 DUP(0h), 2 DUP(11h)
	    0000
	   ]
	   00000002 [
	    0011
	   ]
	   00000004 [
	    0000
	   ]
	   00000002 [
	    0011
	   ]
 00000717  00000045 [		attributeP WORD 69 DUP(0h), 4 DUP(11h), 2 DUP(0h)
	    0000
	   ]
	   00000004 [
	    0011
	   ]
	   00000002 [
	    0000
	   ]

				;H0URSE 101格
 000007AD  0000002B [		attributeQ WORD 43 DUP(0h), 2 DUP(44h), 4 DUP(0h), 2 DUP(44h)
	    0000
	   ]
	   00000002 [
	    0044
	   ]
	   00000004 [
	    0000
	   ]
	   00000002 [
	    0044
	   ]
 00000813  00000004 [				   WORD 4 DUP(0h), 4 DUP(44h)
	    0000
	   ]
	   00000004 [
	    0044
	   ]
 00000823  00000004 [				   WORD 4 DUP(0h), 2 DUP(44h), 5 DUP(0h), 2 DUP(44h)
	    0000
	   ]
	   00000002 [
	    0044
	   ]
	   00000005 [
	    0000
	   ]
	   00000002 [
	    0044
	   ]
 0000083D  00000002 [				   WORD 2 DUP(0h), 7 DUP(44h)
	    0000
	   ]
	   00000007 [
	    0044
	   ]
 0000084F  00000006 [				   WORD 6 DUP(0h), 4 DUP(44h)
	    0000
	   ]
	   00000004 [
	    0044
	   ]
 00000863  00000003 [				   WORD 3 DUP(0h), 7 DUP(44h)
	    0000
	   ]
	   00000007 [
	    0044
	   ]
 00000877  0000002B [		attributeR WORD 43 DUP(0h), 2 DUP(44h), 4 DUP(0h), 2 DUP(44h)
	    0000
	   ]
	   00000002 [
	    0044
	   ]
	   00000004 [
	    0000
	   ]
	   00000002 [
	    0044
	   ]
 000008DD  00000002 [				   WORD 2 DUP(0h), 2 DUP(44h), 4 DUP(0h), 2 DUP(44h)
	    0000
	   ]
	   00000002 [
	    0044
	   ]
	   00000004 [
	    0000
	   ]
	   00000002 [
	    0044
	   ]
 000008F1  00000002 [				   WORD 2 DUP(0h), 2 DUP(44h), 5 DUP(0h), 2 DUP(44h)
	    0000
	   ]
	   00000002 [
	    0044
	   ]
	   00000005 [
	    0000
	   ]
	   00000002 [
	    0044
	   ]
 00000907  00000002 [				   WORD 2 DUP(0h), 2 DUP(44h), 5 DUP(0h), 2 DUP(44h)
	    0000
	   ]
	   00000002 [
	    0044
	   ]
	   00000005 [
	    0000
	   ]
	   00000002 [
	    0044
	   ]
 0000091D  00000002 [				   WORD 2 DUP(0h), 2 DUP(44h)
	    0000
	   ]
	   00000002 [
	    0044
	   ]
 00000925  00000007 [				   WORD 7 DUP(0h), 2 DUP(44h)
	    0000
	   ]
	   00000002 [
	    0044
	   ]
 00000937  0000002B [		attributeT WORD 43 DUP(0h), 8 DUP(44h)
	    0000
	   ]
	   00000008 [
	    0044
	   ]
 0000099D  00000002 [				   WORD 2 DUP(0h), 2 DUP(44h), 4 DUP(0h), 2 DUP(44h)
	    0000
	   ]
	   00000002 [
	    0044
	   ]
	   00000004 [
	    0000
	   ]
	   00000002 [
	    0044
	   ]
 000009B1  00000002 [				   WORD 2 DUP(0h), 2 DUP(44h), 5 DUP(0h), 2 DUP(44h)
	    0000
	   ]
	   00000002 [
	    0044
	   ]
	   00000005 [
	    0000
	   ]
	   00000002 [
	    0044
	   ]
 000009C7  00000002 [				   WORD 2 DUP(0h), 7 DUP(44h)
	    0000
	   ]
	   00000007 [
	    0044
	   ]
 000009D9  00000006 [				   WORD 6 DUP(0h), 3 DUP(44h)
	    0000
	   ]
	   00000003 [
	    0044
	   ]
 000009EB  00000004 [				   WORD 4 DUP(0h), 7 DUP(44h)
	    0000
	   ]
	   00000007 [
	    0044
	   ]
 00000A01  0000002B [		attributeU WORD 43 DUP(0h), 2 DUP(44h), 4 DUP(0h), 2 DUP(44h)
	    0000
	   ]
	   00000002 [
	    0044
	   ]
	   00000004 [
	    0000
	   ]
	   00000002 [
	    0044
	   ]
 00000A67  00000002 [				   WORD 2 DUP(0h), 2 DUP(44h), 4 DUP(0h), 2 DUP(44h)
	    0000
	   ]
	   00000002 [
	    0044
	   ]
	   00000004 [
	    0000
	   ]
	   00000002 [
	    0044
	   ]
 00000A7B  00000003 [				   WORD 3 DUP(0h), 2 DUP(44h), 3 DUP(0h), 2 DUP(44h)
	    0000
	   ]
	   00000002 [
	    0044
	   ]
	   00000003 [
	    0000
	   ]
	   00000002 [
	    0044
	   ]
 00000A8F  00000003 [				   WORD 3 DUP(0h), 2 DUP(44h), 4 DUP(0h), 2 DUP(44h)
	    0000
	   ]
	   00000002 [
	    0044
	   ]
	   00000004 [
	    0000
	   ]
	   00000002 [
	    0044
	   ]
 00000AA5  00000008 [				   WORD 8 DUP(0h), 2 DUP(44h)
	    0000
	   ]
	   00000002 [
	    0044
	   ]
 00000AB9  00000002 [				   WORD 2 DUP(0h), 2 DUP(44h)
	    0000
	   ]
	   00000002 [
	    0044
	   ]
 00000AC1  0000002B [		attributeV WORD 43 DUP(0h), 2 DUP(44h), 4 DUP(0h), 2 DUP(44h)
	    0000
	   ]
	   00000002 [
	    0044
	   ]
	   00000004 [
	    0000
	   ]
	   00000002 [
	    0044
	   ]
 00000B27  00000004 [				   WORD 4 DUP(0h), 4 DUP(44h)
	    0000
	   ]
	   00000004 [
	    0044
	   ]
 00000B37  00000007 [				   WORD 7 DUP(0h), 3 DUP(44h)
	    0000
	   ]
	   00000003 [
	    0044
	   ]
 00000B4B  00000005 [				   WORD 5 DUP(0h), 2 DUP(44h), 6 DUP(0h), 2 DUP(44h)
	    0000
	   ]
	   00000002 [
	    0044
	   ]
	   00000006 [
	    0000
	   ]
	   00000002 [
	    0044
	   ]
 00000B69  00000002 [				   WORD 2 DUP(0h), 4 DUP(44h)
	    0000
	   ]
	   00000004 [
	    0044
	   ]
 00000B75  00000004 [				   WORD 4 DUP(0h), 7 DUP(44h)
	    0000
	   ]
	   00000007 [
	    0044
	   ]

 00000000			.code
 00000000			main PROC
					;set console title
					INVOKE SetConsoleTitle, ADDR titleStr
					; Get the console ouput handle
					INVOKE GetStdHandle, STD_OUTPUT_HANDLE
 00000011  A3 00000000 R		mov outHandle, eax	; save console handle

					;將cursor設為invisible比較美觀
					INVOKE SetConsoleCursorInfo, 
						outHandle, 
						ADDR curInfo
					;開始畫面
 00000026  E8 000005D0			call startScreen

 0000002B  E8 000004D3			call fileOpen 

 00000030			Start_again:
					;讀取最高分數並印出"Highest: HighestScore" 
 00000030  66| C7 05			mov curPos.X, 90
	   00000166 R
	   005A
					INVOKE SetConsoleCursorPosition, 
							outHandle, 
							curPos
 0000004A  E8 0000051D			call fileRead
					mWrite "Highest: "
 00000B8B		     1		.data		
 00000B8B 48 69 67 68 65     1		??0000 BYTE "Highest: ",0	
	   73 74 3A 20 00
 0000004F		     1		.code
 0000004F  52		     1		push	edx
 00000050  BA 00000B8B R     1		mov	edx,OFFSET ??0000
 00000055  E8 00000000 E     1		call	WriteString
 0000005A  5A		     1		pop	edx
 0000005B  A1 00000182 R		mov eax, HighestScore
 00000060  E8 00000000 E		call WriteDec
 00000065  66| 83 05			add curPos.X,14
	   00000166 R 0E

					;角色位置重置
 0000006D  66| C7 05			mov rolePos.X, 11
	   00000008 R
	   000B
 00000076  66| C7 05			mov rolePos.Y, 16
	   0000000A R
	   0010

					; Set the role to (11,16):
					FORC num, <123456789>
						INVOKE WriteConsoleOutputAttribute, 
							outHandle, 
							ADDR attribute&num, 
							10, 
							rolePos, 
							ADDR cellsWritten
						INVOKE WriteConsoleOutputCharacter, 
							outHandle, 
							ADDR buffer, 
							10, 
							rolePos, 
							ADDR cellsWritten
						inc rolePos.Y
					ENDM
 000000B9  66| FF 05	     1			inc rolePos.Y
	   0000000A R
 000000FA  66| FF 05	     1			inc rolePos.Y
	   0000000A R
 0000013B  66| FF 05	     1			inc rolePos.Y
	   0000000A R
 0000017C  66| FF 05	     1			inc rolePos.Y
	   0000000A R
 000001BD  66| FF 05	     1			inc rolePos.Y
	   0000000A R
 000001FE  66| FF 05	     1			inc rolePos.Y
	   0000000A R
 0000023F  66| FF 05	     1			inc rolePos.Y
	   0000000A R
 00000280  66| FF 05	     1			inc rolePos.Y
	   0000000A R
 000002C1  66| FF 05	     1			inc rolePos.Y
	   0000000A R

 000002C8  66| 83 2D			sub rolePos.Y, 9
	   0000000A R 09

					;draw the ground
					INVOKE WriteConsoleOutputAttribute, 
							outHandle, 
							ADDR attributes+4, 
							Ground, 
							groundPos, 
							ADDR cellsWritten
					; Write character codes to "D"
					INVOKE WriteConsoleOutputCharacter, 
							outHandle, 
							ADDR buffer, 
							Ground, 
							groundPos, 
							ADDR cellsWritten
 0000030A  C7 05 0000015E R		mov drawDelay, 150	;重新設定速度
	   00000096
 00000314  66| C7 05			mov curPos.X, 104	;重新開始分數的位置才不會跑掉
	   00000166 R
	   0068
					INVOKE SetConsoleCursorPosition, 
							outHandle, 
							curPos
					mWrite "Score:"
 00000B95		     1		.data		
 00000B95 53 63 6F 72 65     1		??0001 BYTE "Score:",0	
	   3A 00
 0000032E		     1		.code
 0000032E  52		     1		push	edx
 0000032F  BA 00000B95 R     1		mov	edx,OFFSET ??0001
 00000334  E8 00000000 E     1		call	WriteString
 00000339  5A		     1		pop	edx
					;得到開始時間
					INVOKE GetTickCount ; get starting tick count
 0000033F  A3 00000162 R		mov startTime,eax ; save it
					;顯示零
 00000344  66| 83 05			add curPos.X, 7
	   00000166 R 07
					INVOKE SetConsoleCursorPosition, 
							outHandle, 
							curPos
 0000035D  B8 00000000			mov eax,0
 00000362  E8 00000000 E		call WriteDec ; display it

					

					
				;Start moving	
 00000367			PLAY:
					

					;用ReadKey可以不用等待讀取輸入，但輸入不限於空白鍵
 00000367  E8 00000000 E		call ReadKey	;按的鍵好像會存到al中
 0000036C  3C 20		    cmp al, 20h     ;用 ASCII 空格字符的碼檢查是否為非空白字符
 0000036E  75 0F		    jne  spaceNotPressed ;space not pressed
					;不可連續跳兩下
					.IF rolePos.Y == 16
 0000037A  E8 000011B2				call role_up
					.ENDIF

 0000037F			spaceNotPressed:
					;印出分數
					INVOKE getScore
					;use delay to let obstacle look moving
					INVOKE Sleep, drawDelay		
					;如果角色跳起來，就讓他往下 
					;若現在Y座標小於一開始的位置，呼叫role_down
					.IF rolePos.Y < role_up_Y
 00000399  E8 0000163D				call role_down
					.ENDIF

					;讓小馬跑起來
					.IF rolePos.Y == 16
 000003A8  E8 0000083E				call role_move1
						invoke Sleep, 50
 000003B4  E8 00000CD5				call role_move2
					.ENDIF

 000003B9  E8 00001AC7			call move_obstacle

 000003BE  66| A1			mov ax,rolePos.X
	   00000008 R
 000003C4  66| 83 C0 05			add ax, 5
					;if obstacle and role in the same position, stop moving
					.IF obsPos.X <= ax && rolePos.Y >= 13
 000003DB  EB 02				jmp END_PLAY
						
					.ENDIF
 000003DD  EB 88			jmp PLAY
 000003DF			END_PLAY:
 000003DF  B8 000001F4			mov  eax,500 ;delay 1 sec
 000003E4  E8 00000000 E	    call Delay
 000003E9  E8 00000000 E		call Clrscr
					INVOKE Sleep, 1000
 000003F8  66| C7 05			mov startPos.Y, 15 
	   0000001A R
	   000F
					INVOKE SetConsoleCursorPosition, 
						outHandle, 
						startPos
					mWrite "Game Over"
 00000B9C		     1		.data		
 00000B9C 47 61 6D 65 20     1		??0002 BYTE "Game Over",0	
	   4F 76 65 72 00
 00000412		     1		.code
 00000412  52		     1		push	edx
 00000413  BA 00000B9C R     1		mov	edx,OFFSET ??0002
 00000418  E8 00000000 E     1		call	WriteString
 0000041D  5A		     1		pop	edx
 0000041E  66| FF 05			inc startPos.Y
	   0000001A R
					INVOKE Sleep, 1000
					INVOKE SetConsoleCursorPosition, 
						outHandle, 
						startPos
					mWrite "Your score is "
 00000BA6		     1		.data		
 00000BA6 59 6F 75 72 20     1		??0003 BYTE "Your score is ",0	
	   73 63 6F 72 65
	   20 69 73 20 00
 00000440		     1		.code
 00000440  52		     1		push	edx
 00000441  BA 00000BA6 R     1		mov	edx,OFFSET ??0003
 00000446  E8 00000000 E     1		call	WriteString
 0000044B  5A		     1		pop	edx
 0000044C  A1 0000016A R		mov eax, score
 00000451  E8 00000000 E		call WriteDec
 00000456  E8 00000111			call fileRead	;讀最高值
					;如果這次比較高，就寫進檔案裡
 0000045B  A1 0000016A R		mov  eax, score
					.IF eax > HighestScore
 00000468  A3 00000182 R			mov HighestScore, eax
 0000046D  E8 000000CB				call fileWrite
						INVOKE Sleep, 1000
 0000047C  66| FF 05				inc startPos.Y
	   0000001A R
						INVOKE SetConsoleCursorPosition,  
							outHandle, 
							startPos
						
						mWrite "New record! Congratualation!"
 00000BB5		     1		.data		
 00000BB5 4E 65 77 20 72     1		??0004 BYTE "New record! Congratualation!",0	
	   65 63 6F 72 64
	   21 20 43 6F 6E
	   67 72 61 74 75
	   61 6C 61 74 69
	   6F 6E 21 00
 00000494		     1		.code
 00000494  52		     1		push	edx
 00000495  BA 00000BB5 R     1		mov	edx,OFFSET ??0004
 0000049A  E8 00000000 E     1		call	WriteString
 0000049F  5A		     1		pop	edx
						
						
					.ENDIF

					INVOKE Sleep, 1000
 000004AA  66| FF 05			inc startPos.Y
	   0000001A R
					INVOKE SetConsoleCursorPosition,  
						outHandle, 
						startPos
					mWrite "Press ""r"" to play again or ""Esc"" to leave"	
 00000BD2		     1		.data		
 00000BD2 50 72 65 73 73     1		??0005 BYTE "Press ""r"" to play again or ""Esc"" to leave",0	
	   20 22 72 22 20
	   74 6F 20 70 6C
	   61 79 20 61 67
	   61 69 6E 20 6F
	   72 20 22 45 73
	   63 22 20 74 6F
	   20 6C 65 61 76
	   65 00
 000004C2		     1		.code
 000004C2  52		     1		push	edx
 000004C3  BA 00000BD2 R     1		mov	edx,OFFSET ??0005
 000004C8  E8 00000000 E     1		call	WriteString
 000004CD  5A		     1		pop	edx
					
 000004CE			Readchar_again:
 000004CE  E8 00000000 E		call Readchar
					.IF ax == 1372h || ax == 1352h;按r再玩一次
 000004DF  E8 00000000 E			call Clrscr
 000004E4  66| C7 05				mov obsPos.X, 110
	   00000010 R
	   006E
 000004ED  E9 FFFFFB3E				jmp Start_again
					.ENDIF
					.IF ax == 011bh;按esc離開遊戲
 000004F8  EB 02				jmp EndMain
					.ENDIF
 000004FA  EB D2			jmp Readchar_again
					
 000004FC			EndMain:
					
					exit
 00000503			main ENDP

 00000503			fileOpen PROC
					;開寫檔，每次開會指向最前面
					INVOKE CreateFile,
						ADDR filename, 
						GENERIC_WRITE OR GENERIC_READ, 
						DO_NOT_SHARE, 
						NULL,
						OPEN_EXISTING, 
						FILE_ATTRIBUTE_NORMAL, 
						0
 0000051F  A3 000001C3 R		mov fileHandle,eax ; save file handle
					.IF eax == INVALID_HANDLE_VALUE
 00000529  BA 000001A4 R			mov edx,OFFSET errMsg ; Display error message
 0000052E  E8 00000000 E			call WriteString
 00000533  EB 01				jmp QuitNow
					.ENDIF
 00000535  C3				ret
 00000536			QuitNow:
					exit
 0000053D			fileOpen ENDP

 0000053D			fileWrite PROC
					;指向文件開頭
					INVOKE SetFilePointer,
						fileHandle,0,0,FILE_BEGIN
					;寫檔
					INVOKE WriteFile, ; write text to file
						fileHandle, ; file handle
						ADDR Highestscore, ; buffer pointer
						scoreSize, ; number of bytes to write
						ADDR bytesWritten, ; number of bytes written
						0 ; overlapped execution flag
 0000056B  C3				ret
 0000056C			fileWrite ENDP

 0000056C			fileRead PROC
					;指向文件開頭
					INVOKE SetFilePointer,
						fileHandle,0,0,FILE_BEGIN
					INVOKE ReadFile,
						fileHandle,		; handle to file
						ADDR HighestScore,			; ptr to buffer
						scoreSize,		; num bytes to read
						ADDR bytesRead,		; bytes actually read
						NULL			; NULL (0) for syn mode	
					
 0000059A  C3				ret
 0000059B			fileRead ENDP

 0000059B			getScore PROC, 
					;用經過的milliseconds當作分數
					;讓數字從相同地方印出
					INVOKE SetConsoleCursorPosition, 
							outHandle, 
							curPos
					INVOKE GetTickCount ; get new tick count
 000005B1  3B 05 00000162 R		cmp eax,startTime	; lower than starting one
 000005B7  72 35			jb errorTime
 000005B9  2B 05 00000162 R		sub eax,startTime	; get elapsed milliseconds
					;除以1000讓數字變小
 000005BF  BA 00000000			mov edx, 0h			
 000005C4  B9 000003E8			mov ecx, 03E8h
 000005C9  F7 F1			div ecx
 000005CB  E8 00000000 E		call WriteDec ; display it
 000005D0  A3 0000016A R		mov score, eax
					;15秒增加速度，到330秒極限
 000005D5  BA 00000000			mov edx, 0h
 000005DA  B9 0000000F			mov ecx, 0fh
 000005DF  F7 F1			div ecx
					.IF edx == 0
 000005E5  83 2D 0000015E R			sub drawDelay, 1
	   01
					.ENDIF

 000005EC  EB 0C			jmp quit
 000005EE			errorTime:
					mWrite "Reach Highest Goal!"
 00000BFC		     1		.data		
 00000BFC 52 65 61 63 68     1		??0006 BYTE "Reach Highest Goal!",0	
	   20 48 69 67 68
	   65 73 74 20 47
	   6F 61 6C 21 00
 000005EE		     1		.code
 000005EE  52		     1		push	edx
 000005EF  BA 00000BFC R     1		mov	edx,OFFSET ??0006
 000005F4  E8 00000000 E     1		call	WriteString
 000005F9  5A		     1		pop	edx
 000005FA			quit:
 000005FA  C3				ret
 000005FB			getScore ENDP

 000005FB			startScreen PROC
 000005FB  66| 83 05			add rolePos.X, 17
	   00000008 R 11
 00000603  66| 83 05			add rolePos.Y, 3
	   0000000A R 03
					; Set the role to (28, 19):
					FORC num, <123456789>
						INVOKE WriteConsoleOutputAttribute, 
							outHandle, 
							ADDR attribute&num, 
							10, 
							rolePos, 
							ADDR cellsWritten
						INVOKE WriteConsoleOutputCharacter, 
							outHandle, 
							ADDR buffer, 
							10, 
							rolePos, 
							ADDR cellsWritten
						inc rolePos.Y
					ENDM
 00000645  66| FF 05	     1			inc rolePos.Y
	   0000000A R
 00000686  66| FF 05	     1			inc rolePos.Y
	   0000000A R
 000006C7  66| FF 05	     1			inc rolePos.Y
	   0000000A R
 00000708  66| FF 05	     1			inc rolePos.Y
	   0000000A R
 00000749  66| FF 05	     1			inc rolePos.Y
	   0000000A R
 0000078A  66| FF 05	     1			inc rolePos.Y
	   0000000A R
 000007CB  66| FF 05	     1			inc rolePos.Y
	   0000000A R
 0000080C  66| FF 05	     1			inc rolePos.Y
	   0000000A R
 0000084D  66| FF 05	     1			inc rolePos.Y
	   0000000A R

					;畫出"Running"
					FORC num, <IJKLMNOP>
						INVOKE WriteConsoleOutputAttribute, 
							outHandle, 
							ADDR attribute&num, 
							75, 
							startPos, 
							ADDR cellsWritten
						INVOKE WriteConsoleOutputCharacter, 
							outHandle, 
							ADDR buffer, 
							75, 
							startPos, 
							ADDR cellsWritten
						inc startPos.Y
					ENDM
 0000088E  66| FF 05	     1			inc startPos.Y
	   0000001A R
 000008CF  66| FF 05	     1			inc startPos.Y
	   0000001A R
 00000910  66| FF 05	     1			inc startPos.Y
	   0000001A R
 00000951  66| FF 05	     1			inc startPos.Y
	   0000001A R
 00000992  66| FF 05	     1			inc startPos.Y
	   0000001A R
 000009D3  66| FF 05	     1			inc startPos.Y
	   0000001A R
 00000A14  66| FF 05	     1			inc startPos.Y
	   0000001A R
 00000A55  66| FF 05	     1			inc startPos.Y
	   0000001A R
 00000A5C  66| 83 05			add startPos.Y, 3
	   0000001A R 03
					;畫出"HOURSE"
					FORC num, <QRTUV>
						INVOKE WriteConsoleOutputAttribute, 
							outHandle, 
							ADDR attribute&num, 
							101, 
							startPos, 
							ADDR cellsWritten
						INVOKE WriteConsoleOutputCharacter, 
							outHandle, 
							ADDR buffer, 
							101, 
							startPos, 
							ADDR cellsWritten
						inc startPos.Y
					ENDM
 00000A9E  66| FF 05	     1			inc startPos.Y
	   0000001A R
 00000ADF  66| FF 05	     1			inc startPos.Y
	   0000001A R
 00000B20  66| FF 05	     1			inc startPos.Y
	   0000001A R
 00000B61  66| FF 05	     1			inc startPos.Y
	   0000001A R
 00000BA2  66| FF 05	     1			inc startPos.Y
	   0000001A R
 00000BA9  66| 83 05			add startPos.Y, 4
	   0000001A R 04
 00000BB1  66| 83 05			add startPos.X, 50
	   00000018 R 32
					INVOKE SetConsoleCursorPosition, 
						outHandle, 
						startPos
					mWrite "Press ""space"" to start"
 00000C10		     1		.data		
 00000C10 50 72 65 73 73     1		??0007 BYTE "Press ""space"" to start",0	
	   20 22 73 70 61
	   63 65 22 20 74
	   6F 20 73 74 61
	   72 74 00
 00000BCA		     1		.code
 00000BCA  52		     1		push	edx
 00000BCB  BA 00000C10 R     1		mov	edx,OFFSET ??0007
 00000BD0  E8 00000000 E     1		call	WriteString
 00000BD5  5A		     1		pop	edx
 00000BD6			notSpace:
 00000BD6  E8 00000000 E		call Readchar
					.IF ax == 3920h
 00000BE1  E8 00000000 E			call Clrscr	;clear screen
 00000BE6  EB 02				jmp startGame
					.ENDIF
 00000BE8  EB EC			jmp notSpace
 00000BEA			startGame:
 00000BEA  C3				ret
 00000BEB			startScreen ENDP

 00000BEB			role_move1 PROC
				;切換馬腳的兩種動作的第一種
				;erase old position
					FORC num, <123456789>
						INVOKE WriteConsoleOutputAttribute, 
							outHandle, 
							ADDR attribute_black, 
							10, 
							rolePos, 
							ADDR cellsWritten
						INVOKE WriteConsoleOutputCharacter, 
							outHandle, 
							ADDR buffer, 
							10, 
							rolePos, 
							ADDR cellsWritten
						inc rolePos.Y
					ENDM
 00000C25  66| FF 05	     1			inc rolePos.Y
	   0000000A R
 00000C66  66| FF 05	     1			inc rolePos.Y
	   0000000A R
 00000CA7  66| FF 05	     1			inc rolePos.Y
	   0000000A R
 00000CE8  66| FF 05	     1			inc rolePos.Y
	   0000000A R
 00000D29  66| FF 05	     1			inc rolePos.Y
	   0000000A R
 00000D6A  66| FF 05	     1			inc rolePos.Y
	   0000000A R
 00000DAB  66| FF 05	     1			inc rolePos.Y
	   0000000A R
 00000DEC  66| FF 05	     1			inc rolePos.Y
	   0000000A R
 00000E2D  66| FF 05	     1			inc rolePos.Y
	   0000000A R

					;draw a new one
 00000E34  66| 83 2D			sub rolePos.Y, 9
	   0000000A R 09

					FORC num, <1234DEFGH>
						INVOKE WriteConsoleOutputAttribute, 
							outHandle, 
							ADDR attribute&num, 
							10, 
							rolePos, 
							ADDR cellsWritten
						INVOKE WriteConsoleOutputCharacter, 
							outHandle, 
							ADDR buffer, 
							10, 
							rolePos, 
							ADDR cellsWritten
						inc rolePos.Y
					ENDM
 00000E76  66| FF 05	     1			inc rolePos.Y
	   0000000A R
 00000EB7  66| FF 05	     1			inc rolePos.Y
	   0000000A R
 00000EF8  66| FF 05	     1			inc rolePos.Y
	   0000000A R
 00000F39  66| FF 05	     1			inc rolePos.Y
	   0000000A R
 00000F7A  66| FF 05	     1			inc rolePos.Y
	   0000000A R
 00000FBB  66| FF 05	     1			inc rolePos.Y
	   0000000A R
 00000FFC  66| FF 05	     1			inc rolePos.Y
	   0000000A R
 0000103D  66| FF 05	     1			inc rolePos.Y
	   0000000A R
 0000107E  66| FF 05	     1			inc rolePos.Y
	   0000000A R

 00001085  66| 83 2D			sub rolePos.Y, 9
	   0000000A R 09
 0000108D  C3				ret
 0000108E			role_move1 ENDP

 0000108E			role_move2 PROC
				;切換馬腳的兩種動作的第二種
				;erase old position
					FORC num, <123456789>
						INVOKE WriteConsoleOutputAttribute, 
							outHandle, 
							ADDR attribute_black, 
							10, 
							rolePos, 
							ADDR cellsWritten
						INVOKE WriteConsoleOutputCharacter, 
							outHandle, 
							ADDR buffer, 
							10, 
							rolePos, 
							ADDR cellsWritten
						inc rolePos.Y
					ENDM
 000010C8  66| FF 05	     1			inc rolePos.Y
	   0000000A R
 00001109  66| FF 05	     1			inc rolePos.Y
	   0000000A R
 0000114A  66| FF 05	     1			inc rolePos.Y
	   0000000A R
 0000118B  66| FF 05	     1			inc rolePos.Y
	   0000000A R
 000011CC  66| FF 05	     1			inc rolePos.Y
	   0000000A R
 0000120D  66| FF 05	     1			inc rolePos.Y
	   0000000A R
 0000124E  66| FF 05	     1			inc rolePos.Y
	   0000000A R
 0000128F  66| FF 05	     1			inc rolePos.Y
	   0000000A R
 000012D0  66| FF 05	     1			inc rolePos.Y
	   0000000A R

					;draw a new one
 000012D7  66| 83 2D			sub rolePos.Y, 9
	   0000000A R 09

					FORC num, <123456789>
						INVOKE WriteConsoleOutputAttribute, 
							outHandle, 
							ADDR attribute&num, 
							10, 
							rolePos, 
							ADDR cellsWritten
						INVOKE WriteConsoleOutputCharacter, 
							outHandle, 
							ADDR buffer, 
							10, 
							rolePos, 
							ADDR cellsWritten
						inc rolePos.Y
					ENDM
 00001319  66| FF 05	     1			inc rolePos.Y
	   0000000A R
 0000135A  66| FF 05	     1			inc rolePos.Y
	   0000000A R
 0000139B  66| FF 05	     1			inc rolePos.Y
	   0000000A R
 000013DC  66| FF 05	     1			inc rolePos.Y
	   0000000A R
 0000141D  66| FF 05	     1			inc rolePos.Y
	   0000000A R
 0000145E  66| FF 05	     1			inc rolePos.Y
	   0000000A R
 0000149F  66| FF 05	     1			inc rolePos.Y
	   0000000A R
 000014E0  66| FF 05	     1			inc rolePos.Y
	   0000000A R
 00001521  66| FF 05	     1			inc rolePos.Y
	   0000000A R

 00001528  66| 83 2D			sub rolePos.Y, 9
	   0000000A R 09
 00001530  C3				ret
 00001531			role_move2 ENDP

 00001531			role_up PROC
				;向上7格
					;erase old position
					FORC num, <123456789>
						INVOKE WriteConsoleOutputAttribute, 
							outHandle, 
							ADDR attribute_black, 
							10, 
							rolePos, 
							ADDR cellsWritten
						INVOKE WriteConsoleOutputCharacter, 
							outHandle, 
							ADDR buffer, 
							10, 
							rolePos, 
							ADDR cellsWritten
						inc rolePos.Y
					ENDM
 0000156B  66| FF 05	     1			inc rolePos.Y
	   0000000A R
 000015AC  66| FF 05	     1			inc rolePos.Y
	   0000000A R
 000015ED  66| FF 05	     1			inc rolePos.Y
	   0000000A R
 0000162E  66| FF 05	     1			inc rolePos.Y
	   0000000A R
 0000166F  66| FF 05	     1			inc rolePos.Y
	   0000000A R
 000016B0  66| FF 05	     1			inc rolePos.Y
	   0000000A R
 000016F1  66| FF 05	     1			inc rolePos.Y
	   0000000A R
 00001732  66| FF 05	     1			inc rolePos.Y
	   0000000A R
 00001773  66| FF 05	     1			inc rolePos.Y
	   0000000A R

					;draw a new one
 0000177A  66| 83 2D			sub rolePos.Y, 15
	   0000000A R 0F
 00001782  66| FF 0D			dec rolePos.Y
	   0000000A R

					FORC num, <123456789>
						INVOKE WriteConsoleOutputAttribute, 
							outHandle, 
							ADDR attribute&num, 
							10, 
							rolePos, 
							ADDR cellsWritten
						INVOKE WriteConsoleOutputCharacter, 
							outHandle, 
							ADDR buffer, 
							10, 
							rolePos, 
							ADDR cellsWritten
						inc rolePos.Y
					ENDM
 000017C3  66| FF 05	     1			inc rolePos.Y
	   0000000A R
 00001804  66| FF 05	     1			inc rolePos.Y
	   0000000A R
 00001845  66| FF 05	     1			inc rolePos.Y
	   0000000A R
 00001886  66| FF 05	     1			inc rolePos.Y
	   0000000A R
 000018C7  66| FF 05	     1			inc rolePos.Y
	   0000000A R
 00001908  66| FF 05	     1			inc rolePos.Y
	   0000000A R
 00001949  66| FF 05	     1			inc rolePos.Y
	   0000000A R
 0000198A  66| FF 05	     1			inc rolePos.Y
	   0000000A R
 000019CB  66| FF 05	     1			inc rolePos.Y
	   0000000A R

 000019D2  66| 83 2D			sub rolePos.Y, 9
	   0000000A R 09
 000019DA  C3				ret
 000019DB			role_up ENDP

 000019DB			role_down PROC
				;向下一格
					;erase old position
					FORC num, <123456789>
						INVOKE WriteConsoleOutputAttribute, 
							outHandle, 
							ADDR attribute_black, 
							10, 
							rolePos, 
							ADDR cellsWritten
						INVOKE WriteConsoleOutputCharacter, 
							outHandle, 
							ADDR buffer, 
							10, 
							rolePos, 
							ADDR cellsWritten
						inc rolePos.Y
					ENDM
 00001A15  66| FF 05	     1			inc rolePos.Y
	   0000000A R
 00001A56  66| FF 05	     1			inc rolePos.Y
	   0000000A R
 00001A97  66| FF 05	     1			inc rolePos.Y
	   0000000A R
 00001AD8  66| FF 05	     1			inc rolePos.Y
	   0000000A R
 00001B19  66| FF 05	     1			inc rolePos.Y
	   0000000A R
 00001B5A  66| FF 05	     1			inc rolePos.Y
	   0000000A R
 00001B9B  66| FF 05	     1			inc rolePos.Y
	   0000000A R
 00001BDC  66| FF 05	     1			inc rolePos.Y
	   0000000A R
 00001C1D  66| FF 05	     1			inc rolePos.Y
	   0000000A R

					;draw a new one
 00001C24  66| 83 2D			sub rolePos.Y, 9
	   0000000A R 09
 00001C2C  66| FF 05			inc rolePos.Y
	   0000000A R
					FORC num, <123456789>
						INVOKE WriteConsoleOutputAttribute, 
							outHandle, 
							ADDR attribute&num, 
							10, 
							rolePos, 
							ADDR cellsWritten
						INVOKE WriteConsoleOutputCharacter, 
							outHandle, 
							ADDR buffer, 
							10, 
							rolePos, 
							ADDR cellsWritten
						inc rolePos.Y
					ENDM
 00001C6D  66| FF 05	     1			inc rolePos.Y
	   0000000A R
 00001CAE  66| FF 05	     1			inc rolePos.Y
	   0000000A R
 00001CEF  66| FF 05	     1			inc rolePos.Y
	   0000000A R
 00001D30  66| FF 05	     1			inc rolePos.Y
	   0000000A R
 00001D71  66| FF 05	     1			inc rolePos.Y
	   0000000A R
 00001DB2  66| FF 05	     1			inc rolePos.Y
	   0000000A R
 00001DF3  66| FF 05	     1			inc rolePos.Y
	   0000000A R
 00001E34  66| FF 05	     1			inc rolePos.Y
	   0000000A R
 00001E75  66| FF 05	     1			inc rolePos.Y
	   0000000A R

 00001E7C  66| 83 2D			sub rolePos.Y, 9
	   0000000A R 09
 00001E84  C3				ret
 00001E85			role_down ENDP

 00001E85			move_obstacle PROC
					;draw obstacle with color red
					FORC num, <ABC>
						INVOKE WriteConsoleOutputAttribute, 
							outHandle, 
							ADDR attribute, 
							3, 
							obsPos, 
							ADDR cellsWritten
						INVOKE WriteConsoleOutputCharacter, 
							outHandle, 
							ADDR buffer, 
							3, 
							obsPos, 
							ADDR cellsWritten
						dec obsPos.Y			;每次畫一列，往上畫
					ENDM
 00001EBF  66| FF 0D	     1			dec obsPos.Y			;每次畫一列，往上畫
	   00000012 R
 00001F00  66| FF 0D	     1			dec obsPos.Y			;每次畫一列，往上畫
	   00000012 R
 00001F41  66| FF 0D	     1			dec obsPos.Y			;每次畫一列，往上畫
	   00000012 R
					;back to previous position Y回到第一列，X倒退三行
 00001F48  66| 83 05			add obsPos.X, 3
	   00000010 R 03
 00001F50  66| 83 05			add obsPos.Y, 3
	   00000012 R 03
					;erase obstacle 
					FORC num, <ABC>
						INVOKE WriteConsoleOutputAttribute, 
							outHandle, 
							ADDR attribute_black, 
							3, 
							obsPos, 
							ADDR cellsWritten
						INVOKE WriteConsoleOutputCharacter, 
							outHandle, 
							ADDR buffer, 
							3, 
							obsPos, 
							ADDR cellsWritten
						dec obsPos.Y
					ENDM
 00001F92  66| FF 0D	     1			dec obsPos.Y
	   00000012 R
 00001FD3  66| FF 0D	     1			dec obsPos.Y
	   00000012 R
 00002014  66| FF 0D	     1			dec obsPos.Y
	   00000012 R
					;to the next position Y回到第一列，X前進六行
 0000201B  66| 83 2D			sub obsPos.X, 6
	   00000010 R 06
 00002023  66| 83 05			add obsPos.Y, 3
	   00000012 R 03
					;若障礙物到達末端，從頭開始
					.IF obsPos.X == 5
 00002039  66| 83 05				add obsPos.X, 3
	   00000010 R 03
						FORC num, <ABC>
						INVOKE WriteConsoleOutputAttribute, 
							outHandle, 
							ADDR attribute_black, 
							3, 
							obsPos, 
							ADDR cellsWritten
						INVOKE WriteConsoleOutputCharacter, 
							outHandle, 
							ADDR buffer, 
							3, 
							obsPos, 
							ADDR cellsWritten
						dec obsPos.Y
					ENDM
 0000207B  66| FF 0D	     1			dec obsPos.Y
	   00000012 R
 000020BC  66| FF 0D	     1			dec obsPos.Y
	   00000012 R
 000020FD  66| FF 0D	     1			dec obsPos.Y
	   00000012 R
					;生成隨機顏色
 00002104  E8 00000000 E			call Randomize ;初始化
 00002109  E8 00000000 E			call Random32 ;生成隨機正整數到eax
 0000210E  33 D2				xor edx, edx ;餘數歸零
 00002110  F7 35 0000017A R			div range ;0到7隨機數
 00002116  66| 8B 04 55				mov ax, attribute0[edx*2] ; 根據隨機數選擇對應的顏色
	   00000301 R
						FORC num, <024>
							mov attribute[&num], ax ; 設定顏色
						ENDM
 0000211E  66| A3	     1				mov attribute[0], ax ; 設定顏色
	   000002FB R
 00002124  66| A3	     1				mov attribute[2], ax ; 設定顏色
	   000002FD R
 0000212A  66| A3	     1				mov attribute[4], ax ; 設定顏色
	   000002FF R
 00002130  66| C7 05			mov obsPos.X, 110 
	   00000010 R
	   006E
 00002139  66| 83 05			add obsPos.Y, 3
	   00000012 R 03
					.ENDIF
 00002141  C3				ret
 00002142			move_obstacle ENDP
END main
Microsoft (R) Macro Assembler Version 14.29.30152.0	    12/23/23 23:06:28
main.asm						     Symbols 2 - 1




Macros:

                N a m e                 Type

IsDefined  . . . . . . . . . . .	Func
Startup  . . . . . . . . . . . .	Proc
mDumpMem . . . . . . . . . . . .	Proc
mDump  . . . . . . . . . . . . .	Proc
mGotoxy  . . . . . . . . . . . .	Proc
mReadString  . . . . . . . . . .	Proc
mShowRegister  . . . . . . . . .	Proc
mShow  . . . . . . . . . . . . .	Proc
mWriteLn . . . . . . . . . . . .	Proc
mWriteSpace  . . . . . . . . . .	Proc
mWriteString . . . . . . . . . .	Proc
mWrite . . . . . . . . . . . . .	Proc


Structures and Unions:

                N a m e                  Size
                                         Offset      Type

CONSOLE_CURSOR_INFO  . . . . . .	 00000008
  dwSize . . . . . . . . . . . .	 00000000	 DWord
  bVisible . . . . . . . . . . .	 00000004	 DWord
CONSOLE_SCREEN_BUFFER_INFO . . .	 00000016
  dwSize . . . . . . . . . . . .	 00000000	 DWord
  dwCursorPosition . . . . . . .	 00000004	 DWord
  wAttributes  . . . . . . . . .	 00000008	 Word
  srWindow . . . . . . . . . . .	 0000000A	 QWord
  dwMaximumWindowSize  . . . . .	 00000012	 DWord
COORD  . . . . . . . . . . . . .	 00000004
  X  . . . . . . . . . . . . . .	 00000000	 Word
  Y  . . . . . . . . . . . . . .	 00000002	 Word
FILETIME . . . . . . . . . . . .	 00000008
  loDateTime . . . . . . . . . .	 00000000	 DWord
  hiDateTime . . . . . . . . . .	 00000004	 DWord
FOCUS_EVENT_RECORD . . . . . . .	 00000004
  bSetFocus  . . . . . . . . . .	 00000000	 DWord
FPU_ENVIRON  . . . . . . . . . .	 0000001C
  controlWord  . . . . . . . . .	 00000000	 Word
  statusWord . . . . . . . . . .	 00000004	 Word
  tagWord  . . . . . . . . . . .	 00000008	 Word
  instrPointerOffset . . . . . .	 0000000C	 DWord
  instrPointerSelector . . . . .	 00000010	 DWord
  operandPointerOffset . . . . .	 00000014	 DWord
  operandPointerSelector . . . .	 00000018	 Word
INPUT_RECORD . . . . . . . . . .	 00000014
  EventType  . . . . . . . . . .	 00000000	 Word
  Event  . . . . . . . . . . . .	 00000004	 XmmWord
  bKeyDown . . . . . . . . . . .	 00000000	 DWord
  wRepeatCount . . . . . . . . .	 00000004	 Word
  wVirtualKeyCode  . . . . . . .	 00000006	 Word
  wVirtualScanCode . . . . . . .	 00000008	 Word
  uChar  . . . . . . . . . . . .	 0000000A	 Word
  UnicodeChar  . . . . . . . . .	 00000000	 Word
  AsciiChar  . . . . . . . . . .	 00000000	 Byte
  dwControlKeyState  . . . . . .	 0000000C	 DWord
  dwMousePosition  . . . . . . .	 00000000	 DWord
  dwButtonState  . . . . . . . .	 00000004	 DWord
  dwMouseControlKeyState . . . .	 00000008	 DWord
  dwEventFlags . . . . . . . . .	 0000000C	 DWord
  dwSize . . . . . . . . . . . .	 00000000	 DWord
  dwCommandId  . . . . . . . . .	 00000000	 DWord
  bSetFocus  . . . . . . . . . .	 00000000	 DWord
KEY_EVENT_RECORD . . . . . . . .	 00000010
  bKeyDown . . . . . . . . . . .	 00000000	 DWord
  wRepeatCount . . . . . . . . .	 00000004	 Word
  wVirtualKeyCode  . . . . . . .	 00000006	 Word
  wVirtualScanCode . . . . . . .	 00000008	 Word
  uChar  . . . . . . . . . . . .	 0000000A	 Word
  UnicodeChar  . . . . . . . . .	 00000000	 Word
  AsciiChar  . . . . . . . . . .	 00000000	 Byte
  dwControlKeyState  . . . . . .	 0000000C	 DWord
MENU_EVENT_RECORD  . . . . . . .	 00000004
  dwCommandId  . . . . . . . . .	 00000000	 DWord
MOUSE_EVENT_RECORD . . . . . . .	 00000010
  dwMousePosition  . . . . . . .	 00000000	 DWord
  dwButtonState  . . . . . . . .	 00000004	 DWord
  dwMouseControlKeyState . . . .	 00000008	 DWord
  dwEventFlags . . . . . . . . .	 0000000C	 DWord
SMALL_RECT . . . . . . . . . . .	 00000008
  Left . . . . . . . . . . . . .	 00000000	 Word
  Top  . . . . . . . . . . . . .	 00000002	 Word
  Right  . . . . . . . . . . . .	 00000004	 Word
  Bottom . . . . . . . . . . . .	 00000006	 Word
SYSTEMTIME . . . . . . . . . . .	 00000010
  wYear  . . . . . . . . . . . .	 00000000	 Word
  wMonth . . . . . . . . . . . .	 00000002	 Word
  wDayOfWeek . . . . . . . . . .	 00000004	 Word
  wDay . . . . . . . . . . . . .	 00000006	 Word
  wHour  . . . . . . . . . . . .	 00000008	 Word
  wMinute  . . . . . . . . . . .	 0000000A	 Word
  wSecond  . . . . . . . . . . .	 0000000C	 Word
  wMilliseconds  . . . . . . . .	 0000000E	 Word
WINDOW_BUFFER_SIZE_RECORD  . . .	 00000004
  dwSize . . . . . . . . . . . .	 00000000	 DWord


Segments and Groups:

                N a m e                 Size     Length   Align   Combine Class

FLAT . . . . . . . . . . . . . .	GROUP
STACK  . . . . . . . . . . . . .	32 Bit	 00001000 Para	  Stack	  'STACK'	 
_DATA  . . . . . . . . . . . . .	32 Bit	 00000C27 Para	  Public  'DATA'	
_TEXT  . . . . . . . . . . . . .	32 Bit	 00002142 Para	  Public  'CODE'	


Procedures, parameters, and locals:

                N a m e                 Type     Value    Attr

CloseFile  . . . . . . . . . . .	P Near	 00000000 FLAT	Length= 00000000 External STDCALL
CloseHandle  . . . . . . . . . .	P Near	 00000000 FLAT	Length= 00000000 External STDCALL
Clrscr . . . . . . . . . . . . .	P Near	 00000000 FLAT	Length= 00000000 External STDCALL
CreateFileA  . . . . . . . . . .	P Near	 00000000 FLAT	Length= 00000000 External STDCALL
CreateOutputFile . . . . . . . .	P Near	 00000000 FLAT	Length= 00000000 External STDCALL
Crlf . . . . . . . . . . . . . .	P Near	 00000000 FLAT	Length= 00000000 External STDCALL
Delay  . . . . . . . . . . . . .	P Near	 00000000 FLAT	Length= 00000000 External STDCALL
DumpMem  . . . . . . . . . . . .	P Near	 00000000 FLAT	Length= 00000000 External STDCALL
DumpRegs . . . . . . . . . . . .	P Near	 00000000 FLAT	Length= 00000000 External STDCALL
ExitProcess  . . . . . . . . . .	P Near	 00000000 FLAT	Length= 00000000 External STDCALL
FileTimeToDosDateTime  . . . . .	P Near	 00000000 FLAT	Length= 00000000 External STDCALL
FileTimeToSystemTime . . . . . .	P Near	 00000000 FLAT	Length= 00000000 External STDCALL
FlushConsoleInputBuffer  . . . .	P Near	 00000000 FLAT	Length= 00000000 External STDCALL
FormatMessageA . . . . . . . . .	P Near	 00000000 FLAT	Length= 00000000 External STDCALL
GetCommandLineA  . . . . . . . .	P Near	 00000000 FLAT	Length= 00000000 External STDCALL
GetCommandTail . . . . . . . . .	P Near	 00000000 FLAT	Length= 00000000 External STDCALL
GetConsoleCP . . . . . . . . . .	P Near	 00000000 FLAT	Length= 00000000 External STDCALL
GetConsoleCursorInfo . . . . . .	P Near	 00000000 FLAT	Length= 00000000 External STDCALL
GetConsoleMode . . . . . . . . .	P Near	 00000000 FLAT	Length= 00000000 External STDCALL
GetConsoleScreenBufferInfo . . .	P Near	 00000000 FLAT	Length= 00000000 External STDCALL
GetDateTime  . . . . . . . . . .	P Near	 00000000 FLAT	Length= 00000000 External STDCALL
GetFileTime  . . . . . . . . . .	P Near	 00000000 FLAT	Length= 00000000 External STDCALL
GetKeyState  . . . . . . . . . .	P Near	 00000000 FLAT	Length= 00000000 External STDCALL
GetLastError . . . . . . . . . .	P Near	 00000000 FLAT	Length= 00000000 External STDCALL
GetLocalTime . . . . . . . . . .	P Near	 00000000 FLAT	Length= 00000000 External STDCALL
GetMaxXY . . . . . . . . . . . .	P Near	 00000000 FLAT	Length= 00000000 External STDCALL
GetMseconds  . . . . . . . . . .	P Near	 00000000 FLAT	Length= 00000000 External STDCALL
GetNumberOfConsoleInputEvents  .	P Near	 00000000 FLAT	Length= 00000000 External STDCALL
GetProcessHeap . . . . . . . . .	P Near	 00000000 FLAT	Length= 00000000 External STDCALL
GetStdHandle . . . . . . . . . .	P Near	 00000000 FLAT	Length= 00000000 External STDCALL
GetSystemTime  . . . . . . . . .	P Near	 00000000 FLAT	Length= 00000000 External STDCALL
GetTextColor . . . . . . . . . .	P Near	 00000000 FLAT	Length= 00000000 External STDCALL
GetTickCount . . . . . . . . . .	P Near	 00000000 FLAT	Length= 00000000 External STDCALL
Gotoxy . . . . . . . . . . . . .	P Near	 00000000 FLAT	Length= 00000000 External STDCALL
HeapAlloc  . . . . . . . . . . .	P Near	 00000000 FLAT	Length= 00000000 External STDCALL
HeapCreate . . . . . . . . . . .	P Near	 00000000 FLAT	Length= 00000000 External STDCALL
HeapDestroy  . . . . . . . . . .	P Near	 00000000 FLAT	Length= 00000000 External STDCALL
HeapFree . . . . . . . . . . . .	P Near	 00000000 FLAT	Length= 00000000 External STDCALL
HeapSize . . . . . . . . . . . .	P Near	 00000000 FLAT	Length= 00000000 External STDCALL
IsDigit  . . . . . . . . . . . .	P Near	 00000000 FLAT	Length= 00000000 External STDCALL
LocalFree  . . . . . . . . . . .	P Near	 00000000 FLAT	Length= 00000000 External STDCALL
MessageBoxA  . . . . . . . . . .	P Near	 00000000 FLAT	Length= 00000000 External STDCALL
MsgBoxAsk  . . . . . . . . . . .	P Near	 00000000 FLAT	Length= 00000000 External STDCALL
MsgBox . . . . . . . . . . . . .	P Near	 00000000 FLAT	Length= 00000000 External STDCALL
OpenInputFile  . . . . . . . . .	P Near	 00000000 FLAT	Length= 00000000 External STDCALL
ParseDecimal32 . . . . . . . . .	P Near	 00000000 FLAT	Length= 00000000 External STDCALL
ParseInteger32 . . . . . . . . .	P Near	 00000000 FLAT	Length= 00000000 External STDCALL
PeekConsoleInputA  . . . . . . .	P Near	 00000000 FLAT	Length= 00000000 External STDCALL
Random32 . . . . . . . . . . . .	P Near	 00000000 FLAT	Length= 00000000 External STDCALL
RandomRange  . . . . . . . . . .	P Near	 00000000 FLAT	Length= 00000000 External STDCALL
Randomize  . . . . . . . . . . .	P Near	 00000000 FLAT	Length= 00000000 External STDCALL
ReadChar . . . . . . . . . . . .	P Near	 00000000 FLAT	Length= 00000000 External STDCALL
ReadConsoleA . . . . . . . . . .	P Near	 00000000 FLAT	Length= 00000000 External STDCALL
ReadConsoleInputA  . . . . . . .	P Near	 00000000 FLAT	Length= 00000000 External STDCALL
ReadDec  . . . . . . . . . . . .	P Near	 00000000 FLAT	Length= 00000000 External STDCALL
ReadFile . . . . . . . . . . . .	P Near	 00000000 FLAT	Length= 00000000 External STDCALL
ReadFloat  . . . . . . . . . . .	P Near	 00000000 FLAT	Length= 00000000 External STDCALL
ReadFromFile . . . . . . . . . .	P Near	 00000000 FLAT	Length= 00000000 External STDCALL
ReadHex  . . . . . . . . . . . .	P Near	 00000000 FLAT	Length= 00000000 External STDCALL
ReadInt  . . . . . . . . . . . .	P Near	 00000000 FLAT	Length= 00000000 External STDCALL
ReadKeyFlush . . . . . . . . . .	P Near	 00000000 FLAT	Length= 00000000 External STDCALL
ReadKey  . . . . . . . . . . . .	P Near	 00000000 FLAT	Length= 00000000 External STDCALL
ReadString . . . . . . . . . . .	P Near	 00000000 FLAT	Length= 00000000 External STDCALL
SetConsoleCursorInfo . . . . . .	P Near	 00000000 FLAT	Length= 00000000 External STDCALL
SetConsoleCursorPosition . . . .	P Near	 00000000 FLAT	Length= 00000000 External STDCALL
SetConsoleMode . . . . . . . . .	P Near	 00000000 FLAT	Length= 00000000 External STDCALL
SetConsoleScreenBufferSize . . .	P Near	 00000000 FLAT	Length= 00000000 External STDCALL
SetConsoleTextAttribute  . . . .	P Near	 00000000 FLAT	Length= 00000000 External STDCALL
SetConsoleTitleA . . . . . . . .	P Near	 00000000 FLAT	Length= 00000000 External STDCALL
SetConsoleWindowInfo . . . . . .	P Near	 00000000 FLAT	Length= 00000000 External STDCALL
SetFilePointer . . . . . . . . .	P Near	 00000000 FLAT	Length= 00000000 External STDCALL
SetLocalTime . . . . . . . . . .	P Near	 00000000 FLAT	Length= 00000000 External STDCALL
SetTextColor . . . . . . . . . .	P Near	 00000000 FLAT	Length= 00000000 External STDCALL
ShowFPUStack . . . . . . . . . .	P Near	 00000000 FLAT	Length= 00000000 External STDCALL
Sleep  . . . . . . . . . . . . .	P Near	 00000000 FLAT	Length= 00000000 External STDCALL
StrLength  . . . . . . . . . . .	P Near	 00000000 FLAT	Length= 00000000 External STDCALL
Str_compare  . . . . . . . . . .	P Near	 00000000 FLAT	Length= 00000000 External STDCALL
Str_copy . . . . . . . . . . . .	P Near	 00000000 FLAT	Length= 00000000 External STDCALL
Str_length . . . . . . . . . . .	P Near	 00000000 FLAT	Length= 00000000 External STDCALL
Str_trim . . . . . . . . . . . .	P Near	 00000000 FLAT	Length= 00000000 External STDCALL
Str_ucase  . . . . . . . . . . .	P Near	 00000000 FLAT	Length= 00000000 External STDCALL
SystemTimeToFileTime . . . . . .	P Near	 00000000 FLAT	Length= 00000000 External STDCALL
WaitMsg  . . . . . . . . . . . .	P Near	 00000000 FLAT	Length= 00000000 External STDCALL
WriteBinB  . . . . . . . . . . .	P Near	 00000000 FLAT	Length= 00000000 External STDCALL
WriteBin . . . . . . . . . . . .	P Near	 00000000 FLAT	Length= 00000000 External STDCALL
WriteChar  . . . . . . . . . . .	P Near	 00000000 FLAT	Length= 00000000 External STDCALL
WriteConsoleA  . . . . . . . . .	P Near	 00000000 FLAT	Length= 00000000 External STDCALL
WriteConsoleOutputAttribute  . .	P Near	 00000000 FLAT	Length= 00000000 External STDCALL
WriteConsoleOutputCharacterA . .	P Near	 00000000 FLAT	Length= 00000000 External STDCALL
WriteDec . . . . . . . . . . . .	P Near	 00000000 FLAT	Length= 00000000 External STDCALL
WriteFile  . . . . . . . . . . .	P Near	 00000000 FLAT	Length= 00000000 External STDCALL
WriteFloat . . . . . . . . . . .	P Near	 00000000 FLAT	Length= 00000000 External STDCALL
WriteHexB  . . . . . . . . . . .	P Near	 00000000 FLAT	Length= 00000000 External STDCALL
WriteHex . . . . . . . . . . . .	P Near	 00000000 FLAT	Length= 00000000 External STDCALL
WriteInt . . . . . . . . . . . .	P Near	 00000000 FLAT	Length= 00000000 External STDCALL
WriteStackFrameName  . . . . . .	P Near	 00000000 FLAT	Length= 00000000 External STDCALL
WriteStackFrame  . . . . . . . .	P Near	 00000000 FLAT	Length= 00000000 External STDCALL
WriteString  . . . . . . . . . .	P Near	 00000000 FLAT	Length= 00000000 External STDCALL
WriteToFile  . . . . . . . . . .	P Near	 00000000 FLAT	Length= 00000000 External STDCALL
WriteWindowsMsg  . . . . . . . .	P Near	 00000000 FLAT	Length= 00000000 External STDCALL
fileOpen . . . . . . . . . . . .	P Near	 00000503 _TEXT	Length= 0000003A Public STDCALL
  QuitNow  . . . . . . . . . . .	L Near	 00000536 _TEXT	
fileRaed . . . . . . . . . . . .	P Near	 00000000 FLAT	Length= 00000000 External STDCALL
fileRead . . . . . . . . . . . .	P Near	 0000056C _TEXT	Length= 0000002F Public STDCALL
fileWrite  . . . . . . . . . . .	P Near	 0000053D _TEXT	Length= 0000002F Public STDCALL
getScore . . . . . . . . . . . .	P Near	 0000059B _TEXT	Length= 00000060 Public STDCALL
  errorTime  . . . . . . . . . .	L Near	 000005EE _TEXT	
  quit . . . . . . . . . . . . .	L Near	 000005FA _TEXT	
main . . . . . . . . . . . . . .	P Near	 00000000 _TEXT	Length= 00000503 Public STDCALL
  Start_again  . . . . . . . . .	L Near	 00000030 _TEXT	
  PLAY . . . . . . . . . . . . .	L Near	 00000367 _TEXT	
  spaceNotPressed  . . . . . . .	L Near	 0000037F _TEXT	
  END_PLAY . . . . . . . . . . .	L Near	 000003DF _TEXT	
  Readchar_again . . . . . . . .	L Near	 000004CE _TEXT	
  EndMain  . . . . . . . . . . .	L Near	 000004FC _TEXT	
move_obstacle  . . . . . . . . .	P Near	 00001E85 _TEXT	Length= 000002BD Public STDCALL
printf . . . . . . . . . . . . .	P Near	 00000000 FLAT	Length= 00000000 External C
role_down  . . . . . . . . . . .	P Near	 000019DB _TEXT	Length= 000004AA Public STDCALL
role_move1 . . . . . . . . . . .	P Near	 00000BEB _TEXT	Length= 000004A3 Public STDCALL
role_move2 . . . . . . . . . . .	P Near	 0000108E _TEXT	Length= 000004A3 Public STDCALL
role_up  . . . . . . . . . . . .	P Near	 00001531 _TEXT	Length= 000004AA Public STDCALL
scanf  . . . . . . . . . . . . .	P Near	 00000000 FLAT	Length= 00000000 External C
startScreen  . . . . . . . . . .	P Near	 000005FB _TEXT	Length= 000005F0 Public STDCALL
  notSpace . . . . . . . . . . .	L Near	 00000BD6 _TEXT	
  startGame  . . . . . . . . . .	L Near	 00000BEA _TEXT	
wsprintfA  . . . . . . . . . . .	P Near	 00000000 FLAT	Length= 00000000 External C


Symbols:

                N a m e                 Type     Value    Attr

??0000 . . . . . . . . . . . . .	Byte	 00000B8B _DATA	
??0001 . . . . . . . . . . . . .	Byte	 00000B95 _DATA	
??0002 . . . . . . . . . . . . .	Byte	 00000B9C _DATA	
??0003 . . . . . . . . . . . . .	Byte	 00000BA6 _DATA	
??0004 . . . . . . . . . . . . .	Byte	 00000BB5 _DATA	
??0005 . . . . . . . . . . . . .	Byte	 00000BD2 _DATA	
??0006 . . . . . . . . . . . . .	Byte	 00000BFC _DATA	
??0007 . . . . . . . . . . . . .	Byte	 00000C10 _DATA	
@CodeSize  . . . . . . . . . . .	Number	 00000000h   
@DataSize  . . . . . . . . . . .	Number	 00000000h   
@Interface . . . . . . . . . . .	Number	 00000003h   
@Model . . . . . . . . . . . . .	Number	 00000007h   
@code  . . . . . . . . . . . . .	Text   	 _TEXT
@data  . . . . . . . . . . . . .	Text   	 FLAT
@fardata?  . . . . . . . . . . .	Text   	 FLAT
@fardata . . . . . . . . . . . .	Text   	 FLAT
@stack . . . . . . . . . . . . .	Text   	 FLAT
ALT_MASK . . . . . . . . . . . .	Number	 00000003h   
CAPSLOCK_ON  . . . . . . . . . .	Number	 00000080h   
CREATE_ALWAYS  . . . . . . . . .	Number	 00000002h   
CREATE_NEW . . . . . . . . . . .	Number	 00000001h   
CTRL_MASK  . . . . . . . . . . .	Number	 0000000Ch   
CreateFile . . . . . . . . . . .	Text   	 CreateFileA
CurrentScore . . . . . . . . . .	DWord	 0000017E _DATA	
DO_NOT_SHARE . . . . . . . . . .	Number	 00000000h   
ENABLE_ECHO_INPUT  . . . . . . .	Number	 00000004h   
ENABLE_LINE_INPUT  . . . . . . .	Number	 00000002h   
ENABLE_MOUSE_INPUT . . . . . . .	Number	 00000010h   
ENABLE_PROCESSED_INPUT . . . . .	Number	 00000001h   
ENABLE_PROCESSED_OUTPUT  . . . .	Number	 00000001h   
ENABLE_WINDOW_INPUT  . . . . . .	Number	 00000008h   
ENABLE_WRAP_AT_EOL_OUTPUT  . . .	Number	 00000002h   
ENHANCED_KEY . . . . . . . . . .	Number	 00000100h   
FALSE  . . . . . . . . . . . . .	Number	 00000000h   
FILE_APPEND_DATA . . . . . . . .	Number	 00000004h   
FILE_ATTRIBUTE_ARCHIVE . . . . .	Number	 00000020h   
FILE_ATTRIBUTE_COMPRESSED  . . .	Number	 00000800h   
FILE_ATTRIBUTE_DEVICE  . . . . .	Number	 00000040h   
FILE_ATTRIBUTE_DIRECTORY . . . .	Number	 00000010h   
FILE_ATTRIBUTE_ENCRYPTED . . . .	Number	 00004000h   
FILE_ATTRIBUTE_HIDDEN  . . . . .	Number	 00000002h   
FILE_ATTRIBUTE_NORMAL  . . . . .	Number	 00000080h   
FILE_ATTRIBUTE_NOT_CONTENT_INDEXED .	Number	 00002000h   
FILE_ATTRIBUTE_OFFLINE . . . . .	Number	 00001000h   
FILE_ATTRIBUTE_READONLY  . . . .	Number	 00000001h   
FILE_ATTRIBUTE_REPARSE_POINT . .	Number	 00000400h   
FILE_ATTRIBUTE_SPARSE_FILE . . .	Number	 00000200h   
FILE_ATTRIBUTE_SYSTEM  . . . . .	Number	 00000004h   
FILE_ATTRIBUTE_TEMPORARY . . . .	Number	 00000100h   
FILE_BEGIN . . . . . . . . . . .	Number	 00000000h   
FILE_CURRENT . . . . . . . . . .	Number	 00000001h   
FILE_DELETE_CHILD  . . . . . . .	Number	 00000040h   
FILE_END . . . . . . . . . . . .	Number	 00000002h   
FILE_READ_DATA . . . . . . . . .	Number	 00000001h   
FILE_SHARE_DELETE  . . . . . . .	Number	 00000004h   
FILE_SHARE_READ  . . . . . . . .	Number	 00000001h   
FILE_SHARE_WRITE . . . . . . . .	Number	 00000002h   
FILE_WRITE_DATA  . . . . . . . .	Number	 00000002h   
FOCUS_EVENT  . . . . . . . . . .	Number	 00000010h   
FORMAT_MESSAGE_ALLOCATE_BUFFER .	Number	 00000100h   
FORMAT_MESSAGE_FROM_SYSTEM . . .	Number	 00001000h   
FormatMessage  . . . . . . . . .	Text   	 FormatMessageA
GENERIC_ALL  . . . . . . . . . .	Number	 10000000h   
GENERIC_EXECUTE  . . . . . . . .	Number	 20000000h   
GENERIC_READ . . . . . . . . . .	Number	 -80000000h   
GENERIC_WRITE  . . . . . . . . .	Number	 40000000h   
GetCommandLine . . . . . . . . .	Text   	 GetCommandLineA
Ground . . . . . . . . . . . . .	Number	 00000064h   
HANDLE . . . . . . . . . . . . .	Text   	 DWORD
HEAP_GENERATE_EXCEPTIONS . . . .	Number	 00000004h   
HEAP_GROWABLE  . . . . . . . . .	Number	 00000002h   
HEAP_NO_SERIALIZE  . . . . . . .	Number	 00000001h   
HEAP_REALLOC_IN_PLACE_ONLY . . .	Number	 00000010h   
HEAP_ZERO_MEMORY . . . . . . . .	Number	 00000008h   
HighestScore . . . . . . . . . .	DWord	 00000182 _DATA	
IDABORT  . . . . . . . . . . . .	Number	 00000003h   
IDCANCEL . . . . . . . . . . . .	Number	 00000002h   
IDCLOSE  . . . . . . . . . . . .	Number	 00000008h   
IDCONTINUE . . . . . . . . . . .	Number	 0000000Bh   
IDHELP . . . . . . . . . . . . .	Number	 00000009h   
IDIGNORE . . . . . . . . . . . .	Number	 00000005h   
IDNO . . . . . . . . . . . . . .	Number	 00000007h   
IDOK . . . . . . . . . . . . . .	Number	 00000001h   
IDRETRY  . . . . . . . . . . . .	Number	 00000004h   
IDTIMEOUT  . . . . . . . . . . .	Number	 00007D00h   
IDTRYAGAIN . . . . . . . . . . .	Number	 0000000Ah   
IDYES  . . . . . . . . . . . . .	Number	 00000006h   
INVALID_HANDLE_VALUE . . . . . .	Number	 -00000001h   
KBDOWN_FLAG  . . . . . . . . . .	Number	 00000001h   
KEY_EVENT  . . . . . . . . . . .	Number	 00000001h   
KEY_MASKS  . . . . . . . . . . .	Number	 0000001Fh   
LEFT_ALT_PRESSED . . . . . . . .	Number	 00000002h   
LEFT_CTRL_PRESSED  . . . . . . .	Number	 00000008h   
MB_ABORTRETRYIGNORE  . . . . . .	Number	 00000002h   
MB_APPLMODAL . . . . . . . . . .	Number	 00000000h   
MB_CANCELTRYCONTINUE . . . . . .	Number	 00000006h   
MB_DEFBUTTON1  . . . . . . . . .	Number	 00000000h   
MB_DEFBUTTON2  . . . . . . . . .	Number	 00000100h   
MB_DEFBUTTON3  . . . . . . . . .	Number	 00000200h   
MB_DEFBUTTON4  . . . . . . . . .	Number	 00000300h   
MB_HELP  . . . . . . . . . . . .	Number	 00004000h   
MB_ICONASTERISK  . . . . . . . .	Number	 00000040h   
MB_ICONERROR . . . . . . . . . .	Number	 00000010h   
MB_ICONEXCLAMATION . . . . . . .	Number	 00000030h   
MB_ICONHAND  . . . . . . . . . .	Number	 00000010h   
MB_ICONINFORMATION . . . . . . .	Number	 00000040h   
MB_ICONQUESTION  . . . . . . . .	Number	 00000020h   
MB_ICONSTOP  . . . . . . . . . .	Number	 00000010h   
MB_ICONWARNING . . . . . . . . .	Number	 00000030h   
MB_OKCANCEL  . . . . . . . . . .	Number	 00000001h   
MB_OK  . . . . . . . . . . . . .	Number	 00000000h   
MB_RETRYCANCEL . . . . . . . . .	Number	 00000005h   
MB_SYSTEMMODAL . . . . . . . . .	Number	 00001000h   
MB_TASKMODAL . . . . . . . . . .	Number	 00002000h   
MB_USERICON  . . . . . . . . . .	Number	 00000080h   
MB_YESNOCANCEL . . . . . . . . .	Number	 00000003h   
MB_YESNO . . . . . . . . . . . .	Number	 00000004h   
MENU_EVENT . . . . . . . . . . .	Number	 00000008h   
MOUSE_EVENT  . . . . . . . . . .	Number	 00000002h   
MessageBox . . . . . . . . . . .	Text   	 MessageBoxA
NULL . . . . . . . . . . . . . .	Number	 00000000h   
NUMLOCK_ON . . . . . . . . . . .	Number	 00000020h   
OPEN_ALWAYS  . . . . . . . . . .	Number	 00000004h   
OPEN_EXISTING  . . . . . . . . .	Number	 00000003h   
PeekConsoleInput . . . . . . . .	Text   	 PeekConsoleInputA
RIGHT_ALT_PRESSED  . . . . . . .	Number	 00000001h   
RIGHT_CTRL_PRESSED . . . . . . .	Number	 00000004h   
ReadConsoleInput . . . . . . . .	Text   	 ReadConsoleInputA
ReadConsole  . . . . . . . . . .	Text   	 ReadConsoleA
SCROLLLOCK_ON  . . . . . . . . .	Number	 00000040h   
SHIFT_MASK . . . . . . . . . . .	Number	 00000010h   
SHIFT_PRESSED  . . . . . . . . .	Number	 00000010h   
STD_ERROR_HANDLE . . . . . . . .	Number	 -0000000Ch   
STD_INPUT_HANDLE . . . . . . . .	Number	 -0000000Ah   
STD_OUTPUT_HANDLE  . . . . . . .	Number	 -0000000Bh   
SetConsoleTitle  . . . . . . . .	Text   	 SetConsoleTitleA
TAB  . . . . . . . . . . . . . .	Number	 00000009h   
TRUE . . . . . . . . . . . . . .	Number	 00000001h   
TRUNCATE_EXISTING  . . . . . . .	Number	 00000005h   
VK_11  . . . . . . . . . . . . .	Number	 000000BDh   
VK_12  . . . . . . . . . . . . .	Number	 000000BBh   
VK_ADD . . . . . . . . . . . . .	Number	 0000006Bh   
VK_BACK  . . . . . . . . . . . .	Number	 00000008h   
VK_CANCEL  . . . . . . . . . . .	Number	 00000003h   
VK_CAPITAL . . . . . . . . . . .	Number	 00000014h   
VK_CLEAR . . . . . . . . . . . .	Number	 0000000Ch   
VK_CONTROL . . . . . . . . . . .	Number	 00000011h   
VK_DECIMAL . . . . . . . . . . .	Number	 0000006Eh   
VK_DELETE  . . . . . . . . . . .	Number	 0000002Eh   
VK_DIVIDE  . . . . . . . . . . .	Number	 0000006Fh   
VK_DOWN  . . . . . . . . . . . .	Number	 00000028h   
VK_END . . . . . . . . . . . . .	Number	 00000023h   
VK_ESCAPE  . . . . . . . . . . .	Number	 0000001Bh   
VK_EXECUTE . . . . . . . . . . .	Number	 0000002Bh   
VK_F10 . . . . . . . . . . . . .	Number	 00000079h   
VK_F11 . . . . . . . . . . . . .	Number	 0000007Ah   
VK_F12 . . . . . . . . . . . . .	Number	 0000007Bh   
VK_F13 . . . . . . . . . . . . .	Number	 0000007Ch   
VK_F14 . . . . . . . . . . . . .	Number	 0000007Dh   
VK_F15 . . . . . . . . . . . . .	Number	 0000007Eh   
VK_F16 . . . . . . . . . . . . .	Number	 0000007Fh   
VK_F17 . . . . . . . . . . . . .	Number	 00000080h   
VK_F18 . . . . . . . . . . . . .	Number	 00000081h   
VK_F19 . . . . . . . . . . . . .	Number	 00000082h   
VK_F1  . . . . . . . . . . . . .	Number	 00000070h   
VK_F20 . . . . . . . . . . . . .	Number	 00000083h   
VK_F21 . . . . . . . . . . . . .	Number	 00000084h   
VK_F22 . . . . . . . . . . . . .	Number	 00000085h   
VK_F23 . . . . . . . . . . . . .	Number	 00000086h   
VK_F24 . . . . . . . . . . . . .	Number	 00000087h   
VK_F2  . . . . . . . . . . . . .	Number	 00000071h   
VK_F3  . . . . . . . . . . . . .	Number	 00000072h   
VK_F4  . . . . . . . . . . . . .	Number	 00000073h   
VK_F5  . . . . . . . . . . . . .	Number	 00000074h   
VK_F6  . . . . . . . . . . . . .	Number	 00000075h   
VK_F7  . . . . . . . . . . . . .	Number	 00000076h   
VK_F8  . . . . . . . . . . . . .	Number	 00000077h   
VK_F9  . . . . . . . . . . . . .	Number	 00000078h   
VK_HELP  . . . . . . . . . . . .	Number	 0000002Fh   
VK_HOME  . . . . . . . . . . . .	Number	 00000024h   
VK_INSERT  . . . . . . . . . . .	Number	 0000002Dh   
VK_LBUTTON . . . . . . . . . . .	Number	 00000001h   
VK_LCONTROL  . . . . . . . . . .	Number	 000000A2h   
VK_LEFT  . . . . . . . . . . . .	Number	 00000025h   
VK_LMENU . . . . . . . . . . . .	Number	 000000A4h   
VK_LSHIFT  . . . . . . . . . . .	Number	 000000A0h   
VK_MENU  . . . . . . . . . . . .	Number	 00000012h   
VK_MULTIPLY  . . . . . . . . . .	Number	 0000006Ah   
VK_NEXT  . . . . . . . . . . . .	Number	 00000022h   
VK_NUMLOCK . . . . . . . . . . .	Number	 00000090h   
VK_NUMPAD0 . . . . . . . . . . .	Number	 00000060h   
VK_NUMPAD1 . . . . . . . . . . .	Number	 00000061h   
VK_NUMPAD2 . . . . . . . . . . .	Number	 00000062h   
VK_NUMPAD3 . . . . . . . . . . .	Number	 00000063h   
VK_NUMPAD4 . . . . . . . . . . .	Number	 00000064h   
VK_NUMPAD5 . . . . . . . . . . .	Number	 00000065h   
VK_NUMPAD6 . . . . . . . . . . .	Number	 00000066h   
VK_NUMPAD7 . . . . . . . . . . .	Number	 00000067h   
VK_NUMPAD8 . . . . . . . . . . .	Number	 00000068h   
VK_NUMPAD9 . . . . . . . . . . .	Number	 00000069h   
VK_PAUSE . . . . . . . . . . . .	Number	 00000013h   
VK_PRINT . . . . . . . . . . . .	Number	 0000002Ah   
VK_PRIOR . . . . . . . . . . . .	Number	 00000021h   
VK_RBUTTON . . . . . . . . . . .	Number	 00000002h   
VK_RCONTROL  . . . . . . . . . .	Number	 000000A3h   
VK_RETURN  . . . . . . . . . . .	Number	 0000000Dh   
VK_RIGHT . . . . . . . . . . . .	Number	 00000027h   
VK_RMENU . . . . . . . . . . . .	Number	 000000A5h   
VK_RSHIFT  . . . . . . . . . . .	Number	 000000A1h   
VK_SCROLL  . . . . . . . . . . .	Number	 00000091h   
VK_SEPARATER . . . . . . . . . .	Number	 0000006Ch   
VK_SHIFT . . . . . . . . . . . .	Number	 00000010h   
VK_SNAPSHOT  . . . . . . . . . .	Number	 0000002Ch   
VK_SPACE . . . . . . . . . . . .	Number	 00000020h   
VK_SUBTRACT  . . . . . . . . . .	Number	 0000006Dh   
VK_TAB . . . . . . . . . . . . .	Number	 00000009h   
VK_UP  . . . . . . . . . . . . .	Number	 00000026h   
WINDOW_BUFFER_SIZE_EVENT . . . .	Number	 00000004h   
WriteConsoleOutputCharacter  . .	Text   	 WriteConsoleOutputCharacterA
WriteConsole . . . . . . . . . .	Text   	 WriteConsoleA
attribute0 . . . . . . . . . . .	Word	 00000301 _DATA	
attribute1 . . . . . . . . . . .	Word	 000001CF _DATA	
attribute2 . . . . . . . . . . .	Word	 000001E3 _DATA	
attribute3 . . . . . . . . . . .	Word	 000001F7 _DATA	
attribute4 . . . . . . . . . . .	Word	 0000020B _DATA	
attribute5 . . . . . . . . . . .	Word	 0000021F _DATA	
attribute6 . . . . . . . . . . .	Word	 00000233 _DATA	
attribute7 . . . . . . . . . . .	Word	 00000247 _DATA	
attribute8 . . . . . . . . . . .	Word	 0000025B _DATA	
attribute9 . . . . . . . . . . .	Word	 0000026F _DATA	
attributeD . . . . . . . . . . .	Word	 00000283 _DATA	
attributeE . . . . . . . . . . .	Word	 00000297 _DATA	
attributeF . . . . . . . . . . .	Word	 000002AB _DATA	
attributeG . . . . . . . . . . .	Word	 000002BF _DATA	
attributeH . . . . . . . . . . .	Word	 000002D3 _DATA	
attributeI . . . . . . . . . . .	Word	 00000311 _DATA	
attributeJ . . . . . . . . . . .	Word	 000003A5 _DATA	
attributeK . . . . . . . . . . .	Word	 00000431 _DATA	
attributeL . . . . . . . . . . .	Word	 000004C3 _DATA	
attributeM . . . . . . . . . . .	Word	 00000559 _DATA	
attributeN . . . . . . . . . . .	Word	 000005EB _DATA	
attributeO . . . . . . . . . . .	Word	 00000681 _DATA	
attributeP . . . . . . . . . . .	Word	 00000717 _DATA	
attributeQ . . . . . . . . . . .	Word	 000007AD _DATA	
attributeR . . . . . . . . . . .	Word	 00000877 _DATA	
attributeT . . . . . . . . . . .	Word	 00000937 _DATA	
attributeU . . . . . . . . . . .	Word	 00000A01 _DATA	
attributeV . . . . . . . . . . .	Word	 00000AC1 _DATA	
attribute_black  . . . . . . . .	Word	 000002E7 _DATA	
attributes . . . . . . . . . . .	Word	 00000080 _DATA	
attribute  . . . . . . . . . . .	Word	 000002FB _DATA	
black  . . . . . . . . . . . . .	Number	 00000000h   
blue . . . . . . . . . . . . . .	Number	 00000001h   
brown  . . . . . . . . . . . . .	Number	 00000006h   
buffer . . . . . . . . . . . . .	Byte	 0000001C _DATA	
bytesRead  . . . . . . . . . . .	DWord	 000001CB _DATA	
bytesWritten . . . . . . . . . .	DWord	 000001C7 _DATA	
cellsWritten . . . . . . . . . .	DWord	 00000004 _DATA	
curInfo  . . . . . . . . . . . .	CONSOLE_CURSOR_INFO  00000172 _DATA	
curPos . . . . . . . . . . . . .	COORD	 00000166 _DATA	
cyan . . . . . . . . . . . . . .	Number	 00000003h   
drawDelay  . . . . . . . . . . .	DWord	 0000015E _DATA	
errMsg . . . . . . . . . . . . .	Byte	 000001A4 _DATA	
exit . . . . . . . . . . . . . .	Text   	 INVOKE ExitProcess,0
fileHandle . . . . . . . . . . .	DWord	 000001C3 _DATA	
filename . . . . . . . . . . . .	Byte	 000001B9 _DATA	
gray . . . . . . . . . . . . . .	Number	 00000008h   
green  . . . . . . . . . . . . .	Number	 00000002h   
groundPos  . . . . . . . . . . .	COORD	 0000000C _DATA	
lightBlue  . . . . . . . . . . .	Number	 00000009h   
lightCyan  . . . . . . . . . . .	Number	 0000000Bh   
lightGray  . . . . . . . . . . .	Number	 00000007h   
lightGreen . . . . . . . . . . .	Number	 0000000Ah   
lightMagenta . . . . . . . . . .	Number	 0000000Dh   
lightRed . . . . . . . . . . . .	Number	 0000000Ch   
lineSize . . . . . . . . . . . .	DWord	 000001A0 _DATA	
line . . . . . . . . . . . . . .	Byte	 0000019F _DATA	
magenta  . . . . . . . . . . . .	Number	 00000005h   
obsBound . . . . . . . . . . . .	COORD	 00000014 _DATA	
obsPos . . . . . . . . . . . . .	COORD	 00000010 _DATA	
outHandle  . . . . . . . . . . .	DWord	 00000000 _DATA	
range  . . . . . . . . . . . . .	DWord	 0000017A _DATA	
red  . . . . . . . . . . . . . .	Number	 00000004h   
rolePos  . . . . . . . . . . . .	COORD	 00000008 _DATA	
role_up_Y  . . . . . . . . . . .	Number	 00000010h   
scoreSize  . . . . . . . . . . .	DWord	 0000016E _DATA	
score  . . . . . . . . . . . . .	DWord	 0000016A _DATA	
startPos . . . . . . . . . . . .	COORD	 00000018 _DATA	
startTime  . . . . . . . . . . .	DWord	 00000162 _DATA	
testMsg  . . . . . . . . . . . .	Byte	 00000186 _DATA	
testSize . . . . . . . . . . . .	DWord	 0000019B _DATA	
titleStr . . . . . . . . . . . .	Byte	 0000014E _DATA	
white  . . . . . . . . . . . . .	Number	 0000000Fh   
wsprintf . . . . . . . . . . . .	Text   	 wsprintfA
yellow . . . . . . . . . . . . .	Number	 0000000Eh   

	   0 Warnings
	   0 Errors
